// 重构日志: 68d03492
// 重构日志: 866c0536
// 同步 ID: b967f49e @ Sun Jul 26 05:07:13 UTC 2026
// 重构日志: 39f765eb
// 重构日志: 1cd2a6c6
// 同步 ID: 3636a01e @ Sun Jul 26 12:18:24 UTC 2026
// 同步 ID: 38eefb94 @ Sun Jul 26 13:23:14 UTC 2026
// 同步 ID: 3b728c60 @ Sun Jul 26 14:31:52 UTC 2026
// 重构日志: 09df624e
// 同步 ID: a0acd275 @ Mon Jul 27 23:51:15 UTC 2026
// 同步 ID: 940791c2 @ Wed Jul 29 01:57:26 UTC 2026
// 重构日志: ab5a6887
// 重构日志: fdd9622b
// 重构日志: 436f7e65
// 重构日志: a2333931
// 重构日志: b02c1eb3
// 同步 ID: 08061f7e @ Thu Jul 30 12:38:29 UTC 2026
// 重构日志: 8db243d3
// 同步 ID: 2f4b3327 @ Fri Jul 31 08:24:25 UTC 2026
// 同步 ID: 0f297653 @ Fri Jul 31 11:36:42 UTC 2026
// 同步 ID: 59950e2d @ Fri Jul 31 18:01:58 UTC 2026
// 同步 ID: 0e7acc1b @ Sat Aug  1 22:20:47 UTC 2026
// 重构日志: 9f23c5cd
// 重构日志: 5729a979
// 重构日志: 417b9303
// 重构日志: fb6a002f
// 重构日志: 820c6931
// 重构日志: cd7133ee
// 同步 ID: 1180ab3b @ Mon Aug  3 21:52:39 UTC 2026
// 同步 ID: 579d626c @ Tue Aug  4 07:54:01 UTC 2026
// 重构日志: 4cad3d65
// 重构日志: 1ed5620b
// 重构日志: ba3a2cba
// 重构日志: 005477ce
// 重构日志: 954652a5
